src/pages/Configuration.tsx(41,8): error TS2307: Cannot find module '@/components/ui/card' or its corresponding type declarations.
src/pages/Configuration.tsx(42,24): error TS2307: Cannot find module '@/components/ui/button' or its corresponding type declarations.
src/pages/Configuration.tsx(43,23): error TS2307: Cannot find module '@/components/ui/input' or its corresponding type declarations.
src/pages/Configuration.tsx(51,8): error TS2307: Cannot find module '@/components/ui/table' or its corresponding type declarations.
src/pages/Configuration.tsx(57,8): error TS2307: Cannot find module '@/components/ui/tabs' or its corresponding type declarations.
src/pages/Configuration.tsx(64,8): error TS2307: Cannot find module '@/components/ui/select' or its corresponding type declarations.
src/pages/Configuration.tsx(72,8): error TS2307: Cannot find module '@/components/ui/dialog' or its corresponding type declarations.
src/pages/Configuration.tsx(78,8): error TS2307: Cannot find module '@/components/ui/dropdown-menu' or its corresponding type declarations.
src/pages/Configuration.tsx(79,23): error TS2307: Cannot find module '@/components/ui/badge' or its corresponding type declarations.
src/pages/Configuration.tsx(80,23): error TS2307: Cannot find module '@/components/ui/label' or its corresponding type declarations.
src/pages/Configuration.tsx(81,53): error TS2307: Cannot find module '@/components/ui/avatar' or its corresponding type declarations.
src/pages/Configuration.tsx(83,28): error TS2307: Cannot find module '@/lib/api' or its corresponding type declarations.
src/pages/Configuration.tsx(85,22): error TS2307: Cannot find module '@/types' or its corresponding type declarations.
src/pages/Configuration.tsx(87,51): error TS2307: Cannot find module '@/lib/utils' or its corresponding type declarations.
src/pages/Configuration.tsx(88,31): error TS2307: Cannot find module '@/components/shared/SimpleTooltip' or its corresponding type declarations.
src/pages/Configuration.tsx(130,12): error TS17004: Cannot use JSX unless the '--jsx' flag is provided.
src/pages/Configuration.tsx(573,5): error TS17004: Cannot use JSX unless the '--jsx' flag is provided.
src/pages/Configuration.tsx(574,7): error TS17004: Cannot use JSX unless the '--jsx' flag is provided.
src/pages/Configuration.tsx(575,9): error TS17004: Cannot use JSX unless the '--jsx' flag is provided.
src/pages/Configuration.tsx(576,11): error TS17004: Cannot use JSX unless the '--jsx' flag is provided.
src/pages/Configuration.tsx(577,13): error TS17004: Cannot use JSX unless the '--jsx' flag is provided.
src/pages/Configuration.tsx(579,11): error TS17004: Cannot use JSX unless the '--jsx' flag is provided.
src/pages/Configuration.tsx(580,13): error TS17004: Cannot use JSX unless the '--jsx' flag is provided.
src/pages/Configuration.tsx(583,13): error TS17004: Cannot use JSX unless the '--jsx' flag is provided.
src/pages/Configuration.tsx(588,9): error TS17004: Cannot use JSX unless the '--jsx' flag is provided.
src/pages/Configuration.tsx(589,11): error TS17004: Cannot use JSX unless the '--jsx' flag is provided.
src/pages/Configuration.tsx(590,13): error TS17004: Cannot use JSX unless the '--jsx' flag is provided.
src/pages/Configuration.tsx(597,15): error TS17004: Cannot use JSX unless the '--jsx' flag is provided.
src/pages/Configuration.tsx(604,7): error TS17004: Cannot use JSX unless the '--jsx' flag is provided.
src/pages/Configuration.tsx(605,9): error TS17004: Cannot use JSX unless the '--jsx' flag is provided.
src/pages/Configuration.tsx(612,9): error TS17004: Cannot use JSX unless the '--jsx' flag is provided.
src/pages/Configuration.tsx(613,11): error TS17004: Cannot use JSX unless the '--jsx' flag is provided.
src/pages/Configuration.tsx(614,13): error TS17004: Cannot use JSX unless the '--jsx' flag is provided.
src/pages/Configuration.tsx(615,15): error TS17004: Cannot use JSX unless the '--jsx' flag is provided.
src/pages/Configuration.tsx(618,15): error TS17004: Cannot use JSX unless the '--jsx' flag is provided.
src/pages/Configuration.tsx(623,13): error TS17004: Cannot use JSX unless the '--jsx' flag is provided.
src/pages/Configuration.tsx(624,15): error TS17004: Cannot use JSX unless the '--jsx' flag is provided.
src/pages/Configuration.tsx(625,17): error TS17004: Cannot use JSX unless the '--jsx' flag is provided.
src/pages/Configuration.tsx(626,17): error TS17004: Cannot use JSX unless the '--jsx' flag is provided.
src/pages/Configuration.tsx(633,15): error TS17004: Cannot use JSX unless the '--jsx' flag is provided.
src/pages/Configuration.tsx(640,17): error TS17004: Cannot use JSX unless the '--jsx' flag is provided.
src/pages/Configuration.tsx(645,11): error TS17004: Cannot use JSX unless the '--jsx' flag is provided.
src/pages/Configuration.tsx(646,13): error TS17004: Cannot use JSX unless the '--jsx' flag is provided.
src/pages/Configuration.tsx(647,15): error TS17004: Cannot use JSX unless the '--jsx' flag is provided.
src/pages/Configuration.tsx(648,17): error TS17004: Cannot use JSX unless the '--jsx' flag is provided.
src/pages/Configuration.tsx(649,19): error TS17004: Cannot use JSX unless the '--jsx' flag is provided.
src/pages/Configuration.tsx(650,21): error TS17004: Cannot use JSX unless the '--jsx' flag is provided.
src/pages/Configuration.tsx(653,21): error TS17004: Cannot use JSX unless the '--jsx' flag is provided.
src/pages/Configuration.tsx(656,53): error TS17004: Cannot use JSX unless the '--jsx' flag is provided.
src/pages/Configuration.tsx(657,57): error TS17004: Cannot use JSX unless the '--jsx' flag is provided.
src/pages/Configuration.tsx(658,57): error TS17004: Cannot use JSX unless the '--jsx' flag is provided.
src/pages/Configuration.tsx(659,56): error TS17004: Cannot use JSX unless the '--jsx' flag is provided.
src/pages/Configuration.tsx(660,48): error TS17004: Cannot use JSX unless the '--jsx' flag is provided.
src/pages/Configuration.tsx(661,52): error TS17004: Cannot use JSX unless the '--jsx' flag is provided.
src/pages/Configuration.tsx(662,48): error TS17004: Cannot use JSX unless the '--jsx' flag is provided.
src/pages/Configuration.tsx(664,23): error TS17004: Cannot use JSX unless the '--jsx' flag is provided.
src/pages/Configuration.tsx(665,25): error TS17004: Cannot use JSX unless the '--jsx' flag is provided.
src/pages/Configuration.tsx(666,25): error TS17004: Cannot use JSX unless the '--jsx' flag is provided.
src/pages/Configuration.tsx(670,23): error TS17004: Cannot use JSX unless the '--jsx' flag is provided.
src/pages/Configuration.tsx(671,25): error TS17004: Cannot use JSX unless the '--jsx' flag is provided.
src/pages/Configuration.tsx(672,25): error TS17004: Cannot use JSX unless the '--jsx' flag is provided.
src/pages/Configuration.tsx(673,25): error TS17004: Cannot use JSX unless the '--jsx' flag is provided.
src/pages/Configuration.tsx(674,25): error TS17004: Cannot use JSX unless the '--jsx' flag is provided.
src/pages/Configuration.tsx(677,118): error TS17004: Cannot use JSX unless the '--jsx' flag is provided.
src/pages/Configuration.tsx(678,21): error TS17004: Cannot use JSX unless the '--jsx' flag is provided.
src/pages/Configuration.tsx(681,90): error TS17004: Cannot use JSX unless the '--jsx' flag is provided.
src/pages/Configuration.tsx(682,21): error TS17004: Cannot use JSX unless the '--jsx' flag is provided.
src/pages/Configuration.tsx(687,17): error TS17004: Cannot use JSX unless the '--jsx' flag is provided.
src/pages/Configuration.tsx(690,23): error TS17004: Cannot use JSX unless the '--jsx' flag is provided.
src/pages/Configuration.tsx(691,25): error TS17004: Cannot use JSX unless the '--jsx' flag is provided.
src/pages/Configuration.tsx(692,27): error TS17004: Cannot use JSX unless the '--jsx' flag is provided.
src/pages/Configuration.tsx(693,29): error TS17004: Cannot use JSX unless the '--jsx' flag is provided.
src/pages/Configuration.tsx(694,29): error TS17004: Cannot use JSX unless the '--jsx' flag is provided.
src/pages/Configuration.tsx(700,21): error TS17004: Cannot use JSX unless the '--jsx' flag is provided.
src/pages/Configuration.tsx(701,23): error TS17004: Cannot use JSX unless the '--jsx' flag is provided.
src/pages/Configuration.tsx(702,25): error TS17004: Cannot use JSX unless the '--jsx' flag is provided.
src/pages/Configuration.tsx(703,27): error TS17004: Cannot use JSX unless the '--jsx' flag is provided.
src/pages/Configuration.tsx(704,29): error TS17004: Cannot use JSX unless the '--jsx' flag is provided.
src/pages/Configuration.tsx(706,27): error TS17004: Cannot use JSX unless the '--jsx' flag is provided.
src/pages/Configuration.tsx(712,23): error TS17004: Cannot use JSX unless the '--jsx' flag is provided.
src/pages/Configuration.tsx(713,25): error TS17004: Cannot use JSX unless the '--jsx' flag is provided.
src/pages/Configuration.tsx(714,27): error TS17004: Cannot use JSX unless the '--jsx' flag is provided.
src/pages/Configuration.tsx(721,25): error TS17004: Cannot use JSX unless the '--jsx' flag is provided.
src/pages/Configuration.tsx(722,27): error TS17004: Cannot use JSX unless the '--jsx' flag is provided.
src/pages/Configuration.tsx(724,31): error TS17004: Cannot use JSX unless the '--jsx' flag is provided.
src/pages/Configuration.tsx(725,33): error TS17004: Cannot use JSX unless the '--jsx' flag is provided.
src/pages/Configuration.tsx(732,88): error TS17004: Cannot use JSX unless the '--jsx' flag is provided.
src/pages/Configuration.tsx(733,91): error TS17004: Cannot use JSX unless the '--jsx' flag is provided.
src/pages/Configuration.tsx(734,93): error TS17004: Cannot use JSX unless the '--jsx' flag is provided.
src/pages/Configuration.tsx(735,41): error TS17004: Cannot use JSX unless the '--jsx' flag is provided.
src/pages/Configuration.tsx(737,33): error TS17004: Cannot use JSX unless the '--jsx' flag is provided.
src/pages/Configuration.tsx(738,35): error TS17004: Cannot use JSX unless the '--jsx' flag is provided.
src/pages/Configuration.tsx(739,35): error TS17004: Cannot use JSX unless the '--jsx' flag is provided.
src/pages/Configuration.tsx(750,31): error TS17004: Cannot use JSX unless the '--jsx' flag is provided.
src/pages/Configuration.tsx(751,33): error TS17004: Cannot use JSX unless the '--jsx' flag is provided.
src/pages/Configuration.tsx(752,35): error TS17004: Cannot use JSX unless the '--jsx' flag is provided.
src/pages/Configuration.tsx(753,37): error TS17004: Cannot use JSX unless the '--jsx' flag is provided.
src/pages/Configuration.tsx(754,37): error TS17004: Cannot use JSX unless the '--jsx' flag is provided.
src/pages/Configuration.tsx(765,33): error TS17004: Cannot use JSX unless the '--jsx' flag is provided.
src/pages/Configuration.tsx(766,35): error TS17004: Cannot use JSX unless the '--jsx' flag is provided.
src/pages/Configuration.tsx(767,35): error TS17004: Cannot use JSX unless the '--jsx' flag is provided.
src/pages/Configuration.tsx(771,31): error TS17004: Cannot use JSX unless the '--jsx' flag is provided.
src/pages/Configuration.tsx(773,35): error TS17004: Cannot use JSX unless the '--jsx' flag is provided.
src/pages/Configuration.tsx(774,37): error TS17004: Cannot use JSX unless the '--jsx' flag is provided.
src/pages/Configuration.tsx(775,39): error TS17004: Cannot use JSX unless the '--jsx' flag is provided.
src/pages/Configuration.tsx(776,39): error TS17004: Cannot use JSX unless the '--jsx' flag is provided.
src/pages/Configuration.tsx(780,37): error TS17004: Cannot use JSX unless the '--jsx' flag is provided.
src/pages/Configuration.tsx(784,39): error TS17004: Cannot use JSX unless the '--jsx' flag is provided.
src/pages/Configuration.tsx(789,35): error TS17004: Cannot use JSX unless the '--jsx' flag is provided.
src/pages/Configuration.tsx(792,57): error TS17004: Cannot use JSX unless the '--jsx' flag is provided.
src/pages/Configuration.tsx(796,33): error TS17004: Cannot use JSX unless the '--jsx' flag is provided.
src/pages/Configuration.tsx(803,27): error TS17004: Cannot use JSX unless the '--jsx' flag is provided.
src/pages/Configuration.tsx(804,29): error TS17004: Cannot use JSX unless the '--jsx' flag is provided.
src/pages/Configuration.tsx(805,31): error TS17004: Cannot use JSX unless the '--jsx' flag is provided.
src/pages/Configuration.tsx(807,29): error TS17004: Cannot use JSX unless the '--jsx' flag is provided.
src/pages/Configuration.tsx(808,31): error TS17004: Cannot use JSX unless the '--jsx' flag is provided.
src/pages/Configuration.tsx(820,33): error TS17004: Cannot use JSX unless the '--jsx' flag is provided.
src/pages/Configuration.tsx(821,35): error TS17004: Cannot use JSX unless the '--jsx' flag is provided.
src/pages/Configuration.tsx(830,33): error TS17004: Cannot use JSX unless the '--jsx' flag is provided.
src/pages/Configuration.tsx(832,37): error TS17004: Cannot use JSX unless the '--jsx' flag is provided.
src/pages/Configuration.tsx(837,37): error TS17004: Cannot use JSX unless the '--jsx' flag is provided.
src/pages/Configuration.tsx(838,39): error TS17004: Cannot use JSX unless the '--jsx' flag is provided.
src/pages/Configuration.tsx(839,39): error TS17004: Cannot use JSX unless the '--jsx' flag is provided.
src/pages/Configuration.tsx(840,39): error TS17004: Cannot use JSX unless the '--jsx' flag is provided.
src/pages/Configuration.tsx(850,27): error TS17004: Cannot use JSX unless the '--jsx' flag is provided.
src/pages/Configuration.tsx(852,31): error TS17004: Cannot use JSX unless the '--jsx' flag is provided.
src/pages/Configuration.tsx(853,33): error TS17004: Cannot use JSX unless the '--jsx' flag is provided.
src/pages/Configuration.tsx(858,27): error TS17004: Cannot use JSX unless the '--jsx' flag is provided.
src/pages/Configuration.tsx(859,29): error TS17004: Cannot use JSX unless the '--jsx' flag is provided.
src/pages/Configuration.tsx(860,31): error TS17004: Cannot use JSX unless the '--jsx' flag is provided.
src/pages/Configuration.tsx(861,31): error TS17004: Cannot use JSX unless the '--jsx' flag is provided.
src/pages/Configuration.tsx(867,27): error TS17004: Cannot use JSX unless the '--jsx' flag is provided.
src/pages/Configuration.tsx(868,29): error TS17004: Cannot use JSX unless the '--jsx' flag is provided.
src/pages/Configuration.tsx(875,27): error TS17004: Cannot use JSX unless the '--jsx' flag is provided.
src/pages/Configuration.tsx(876,29): error TS17004: Cannot use JSX unless the '--jsx' flag is provided.
src/pages/Configuration.tsx(883,27): error TS17004: Cannot use JSX unless the '--jsx' flag is provided.
src/pages/Configuration.tsx(884,29): error TS17004: Cannot use JSX unless the '--jsx' flag is provided.
src/pages/Configuration.tsx(887,29): error TS17004: Cannot use JSX unless the '--jsx' flag is provided.
src/pages/Configuration.tsx(894,27): error TS17004: Cannot use JSX unless the '--jsx' flag is provided.
src/pages/Configuration.tsx(895,29): error TS17004: Cannot use JSX unless the '--jsx' flag is provided.
src/pages/Configuration.tsx(896,29): error TS17004: Cannot use JSX unless the '--jsx' flag is provided.
src/pages/Configuration.tsx(898,33): error TS17004: Cannot use JSX unless the '--jsx' flag is provided.
src/pages/Configuration.tsx(901,35): error TS17004: Cannot use JSX unless the '--jsx' flag is provided.
src/pages/Configuration.tsx(903,29): error TS17004: Cannot use JSX unless the '--jsx' flag is provided.
src/pages/Configuration.tsx(904,31): error TS17004: Cannot use JSX unless the '--jsx' flag is provided.
src/pages/Configuration.tsx(906,35): error TS17004: Cannot use JSX unless the '--jsx' flag is provided.
src/pages/Configuration.tsx(912,29): error TS17004: Cannot use JSX unless the '--jsx' flag is provided.
src/pages/Configuration.tsx(917,27): error TS17004: Cannot use JSX unless the '--jsx' flag is provided.
src/pages/Configuration.tsx(923,27): error TS17004: Cannot use JSX unless the '--jsx' flag is provided.
src/pages/Configuration.tsx(928,25): error TS17004: Cannot use JSX unless the '--jsx' flag is provided.
src/pages/Configuration.tsx(929,27): error TS17004: Cannot use JSX unless the '--jsx' flag is provided.
src/pages/Configuration.tsx(933,29): error TS17004: Cannot use JSX unless the '--jsx' flag is provided.
src/pages/Configuration.tsx(934,29): error TS17004: Cannot use JSX unless the '--jsx' flag is provided.
src/pages/Configuration.tsx(939,27): error TS17004: Cannot use JSX unless the '--jsx' flag is provided.
src/pages/Configuration.tsx(940,29): error TS17004: Cannot use JSX unless the '--jsx' flag is provided.
src/pages/Configuration.tsx(941,31): error TS17004: Cannot use JSX unless the '--jsx' flag is provided.
src/pages/Configuration.tsx(942,31): error TS17004: Cannot use JSX unless the '--jsx' flag is provided.
src/pages/Configuration.tsx(946,25): error TS17004: Cannot use JSX unless the '--jsx' flag is provided.
src/pages/Configuration.tsx(947,27): error TS17004: Cannot use JSX unless the '--jsx' flag is provided.
src/pages/Configuration.tsx(948,29): error TS17004: Cannot use JSX unless the '--jsx' flag is provided.
src/pages/Configuration.tsx(949,31): error TS17004: Cannot use JSX unless the '--jsx' flag is provided.
src/pages/Configuration.tsx(950,33): error TS17004: Cannot use JSX unless the '--jsx' flag is provided.
src/pages/Configuration.tsx(951,35): error TS17004: Cannot use JSX unless the '--jsx' flag is provided.
src/pages/Configuration.tsx(955,29): error TS17004: Cannot use JSX unless the '--jsx' flag is provided.
src/pages/Configuration.tsx(956,31): error TS17004: Cannot use JSX unless the '--jsx' flag is provided.
src/pages/Configuration.tsx(957,33): error TS17004: Cannot use JSX unless the '--jsx' flag is provided.
src/pages/Configuration.tsx(960,33): error TS17004: Cannot use JSX unless the '--jsx' flag is provided.
src/pages/Configuration.tsx(961,35): error TS17004: Cannot use JSX unless the '--jsx' flag is provided.
src/pages/Configuration.tsx(964,31): error TS17004: Cannot use JSX unless the '--jsx' flag is provided.
src/pages/Configuration.tsx(965,33): error TS17004: Cannot use JSX unless the '--jsx' flag is provided.
src/pages/Configuration.tsx(979,15): error TS17004: Cannot use JSX unless the '--jsx' flag is provided.
src/pages/Configuration.tsx(980,17): error TS17004: Cannot use JSX unless the '--jsx' flag is provided.
src/pages/Configuration.tsx(981,27): error TS17004: Cannot use JSX unless the '--jsx' flag is provided.
src/pages/Configuration.tsx(981,83): error TS17004: Cannot use JSX unless the '--jsx' flag is provided.
src/pages/Configuration.tsx(981,139): error TS17004: Cannot use JSX unless the '--jsx' flag is provided.
src/pages/Configuration.tsx(984,17): error TS17004: Cannot use JSX unless the '--jsx' flag is provided.
src/pages/Configuration.tsx(985,19): error TS17004: Cannot use JSX unless the '--jsx' flag is provided.
src/pages/Configuration.tsx(986,21): error TS17004: Cannot use JSX unless the '--jsx' flag is provided.
src/pages/Configuration.tsx(988,19): error TS17004: Cannot use JSX unless the '--jsx' flag is provided.
src/pages/Configuration.tsx(989,19): error TS17004: Cannot use JSX unless the '--jsx' flag is provided.
src/pages/Configuration.tsx(990,19): error TS17004: Cannot use JSX unless the '--jsx' flag is provided.
src/pages/Configuration.tsx(991,19): error TS17004: Cannot use JSX unless the '--jsx' flag is provided.
src/pages/Configuration.tsx(992,19): error TS17004: Cannot use JSX unless the '--jsx' flag is provided.
src/pages/Configuration.tsx(993,19): error TS17004: Cannot use JSX unless the '--jsx' flag is provided.
src/pages/Configuration.tsx(994,21): error TS17004: Cannot use JSX unless the '--jsx' flag is provided.
src/pages/Configuration.tsx(998,17): error TS17004: Cannot use JSX unless the '--jsx' flag is provided.
src/pages/Configuration.tsx(999,19): error TS17004: Cannot use JSX unless the '--jsx' flag is provided.
src/pages/Configuration.tsx(1000,21): error TS17004: Cannot use JSX unless the '--jsx' flag is provided.
src/pages/Configuration.tsx(1001,23): error TS17004: Cannot use JSX unless the '--jsx' flag is provided.
src/pages/Configuration.tsx(1003,21): error TS17004: Cannot use JSX unless the '--jsx' flag is provided.
src/pages/Configuration.tsx(1004,23): error TS17004: Cannot use JSX unless the '--jsx' flag is provided.
src/pages/Configuration.tsx(1005,23): error TS17004: Cannot use JSX unless the '--jsx' flag is provided.
src/pages/Configuration.tsx(1006,23): error TS17004: Cannot use JSX unless the '--jsx' flag is provided.
src/pages/Configuration.tsx(1018,9): error TS17004: Cannot use JSX unless the '--jsx' flag is provided.
src/pages/Configuration.tsx(1020,11): error TS17004: Cannot use JSX unless the '--jsx' flag is provided.
src/pages/Configuration.tsx(1034,13): error TS17004: Cannot use JSX unless the '--jsx' flag is provided.
src/pages/Configuration.tsx(1035,15): error TS17004: Cannot use JSX unless the '--jsx' flag is provided.
src/pages/Configuration.tsx(1036,17): error TS17004: Cannot use JSX unless the '--jsx' flag is provided.
src/pages/Configuration.tsx(1038,21): error TS17004: Cannot use JSX unless the '--jsx' flag is provided.
src/pages/Configuration.tsx(1040,21): error TS17004: Cannot use JSX unless the '--jsx' flag is provided.
src/pages/Configuration.tsx(1043,17): error TS17004: Cannot use JSX unless the '--jsx' flag is provided.
src/pages/Configuration.tsx(1044,19): error TS17004: Cannot use JSX unless the '--jsx' flag is provided.
src/pages/Configuration.tsx(1047,19): error TS17004: Cannot use JSX unless the '--jsx' flag is provided.
src/pages/Configuration.tsx(1054,13): error TS17004: Cannot use JSX unless the '--jsx' flag is provided.
src/pages/Configuration.tsx(1062,17): error TS17004: Cannot use JSX unless the '--jsx' flag is provided.
src/pages/Configuration.tsx(1064,19): error TS17004: Cannot use JSX unless the '--jsx' flag is provided.
src/pages/Configuration.tsx(1065,21): error TS17004: Cannot use JSX unless the '--jsx' flag is provided.
src/pages/Configuration.tsx(1066,23): error TS17004: Cannot use JSX unless the '--jsx' flag is provided.
src/pages/Configuration.tsx(1067,23): error TS17004: Cannot use JSX unless the '--jsx' flag is provided.
src/pages/Configuration.tsx(1071,21): error TS17004: Cannot use JSX unless the '--jsx' flag is provided.
src/pages/Configuration.tsx(1072,23): error TS17004: Cannot use JSX unless the '--jsx' flag is provided.
src/pages/Configuration.tsx(1075,23): error TS17004: Cannot use JSX unless the '--jsx' flag is provided.
src/pages/Configuration.tsx(1076,25): error TS17004: Cannot use JSX unless the '--jsx' flag is provided.
src/pages/Configuration.tsx(1080,27): error TS17004: Cannot use JSX unless the '--jsx' flag is provided.
src/pages/Configuration.tsx(1082,25): error TS17004: Cannot use JSX unless the '--jsx' flag is provided.
src/pages/Configuration.tsx(1099,25): error TS17004: Cannot use JSX unless the '--jsx' flag is provided.
src/pages/Configuration.tsx(1104,21): error TS17004: Cannot use JSX unless the '--jsx' flag is provided.
src/pages/Configuration.tsx(1105,23): error TS17004: Cannot use JSX unless the '--jsx' flag is provided.
src/pages/Configuration.tsx(1108,23): error TS17004: Cannot use JSX unless the '--jsx' flag is provided.
src/pages/Configuration.tsx(1109,25): error TS17004: Cannot use JSX unless the '--jsx' flag is provided.
src/pages/Configuration.tsx(1113,27): error TS17004: Cannot use JSX unless the '--jsx' flag is provided.
src/pages/Configuration.tsx(1115,25): error TS17004: Cannot use JSX unless the '--jsx' flag is provided.
src/pages/Configuration.tsx(1132,25): error TS17004: Cannot use JSX unless the '--jsx' flag is provided.
src/pages/Configuration.tsx(1134,25): error TS17004: Cannot use JSX unless the '--jsx' flag is provided.
src/pages/Configuration.tsx(1139,21): error TS17004: Cannot use JSX unless the '--jsx' flag is provided.
src/pages/Configuration.tsx(1140,20): error TS17004: Cannot use JSX unless the '--jsx' flag is provided.
src/pages/Configuration.tsx(1141,3): error TS17004: Cannot use JSX unless the '--jsx' flag is provided.
src/pages/Configuration.tsx(1145,3): error TS17004: Cannot use JSX unless the '--jsx' flag is provided.
src/pages/Configuration.tsx(1152,5): error TS17004: Cannot use JSX unless the '--jsx' flag is provided.
src/pages/Configuration.tsx(1173,7): error TS17004: Cannot use JSX unless the '--jsx' flag is provided.
src/pages/Configuration.tsx(1174,9): error TS17004: Cannot use JSX unless the '--jsx' flag is provided.
src/pages/Configuration.tsx(1175,11): error TS17004: Cannot use JSX unless the '--jsx' flag is provided.
src/pages/Configuration.tsx(1181,9): error TS17004: Cannot use JSX unless the '--jsx' flag is provided.
src/pages/Configuration.tsx(1182,11): error TS17004: Cannot use JSX unless the '--jsx' flag is provided.
src/pages/Configuration.tsx(1186,11): error TS17004: Cannot use JSX unless the '--jsx' flag is provided.
src/pages/Configuration.tsx(1194,5): error TS17004: Cannot use JSX unless the '--jsx' flag is provided.
src/pages/Configuration.tsx(1204,7): error TS17004: Cannot use JSX unless the '--jsx' flag is provided.
src/pages/Configuration.tsx(1221,9): error TS17004: Cannot use JSX unless the '--jsx' flag is provided.
src/pages/Configuration.tsx(1241,3): error TS17004: Cannot use JSX unless the '--jsx' flag is provided.
src/pages/Configuration.tsx(1246,23): error TS17004: Cannot use JSX unless the '--jsx' flag is provided.
src/pages/Configuration.tsx(1247,25): error TS17004: Cannot use JSX unless the '--jsx' flag is provided.
src/pages/Configuration.tsx(1248,25): error TS17004: Cannot use JSX unless the '--jsx' flag is provided.
src/pages/Configuration.tsx(1249,27): error TS17004: Cannot use JSX unless the '--jsx' flag is provided.
src/pages/Configuration.tsx(1250,29): error TS17004: Cannot use JSX unless the '--jsx' flag is provided.
src/pages/Configuration.tsx(1252,27): error TS17004: Cannot use JSX unless the '--jsx' flag is provided.
src/pages/Configuration.tsx(1262,25): error TS17004: Cannot use JSX unless the '--jsx' flag is provided.
src/pages/Configuration.tsx(1268,19): error TS17004: Cannot use JSX unless the '--jsx' flag is provided.
src/pages/Configuration.tsx(1269,21): error TS17004: Cannot use JSX unless the '--jsx' flag is provided.
src/pages/Configuration.tsx(1270,23): error TS17004: Cannot use JSX unless the '--jsx' flag is provided.
src/pages/Configuration.tsx(1271,23): error TS17004: Cannot use JSX unless the '--jsx' flag is provided.
src/pages/Configuration.tsx(1275,19): error TS17004: Cannot use JSX unless the '--jsx' flag is provided.
src/pages/Configuration.tsx(1276,3): error TS17004: Cannot use JSX unless the '--jsx' flag is provided.
src/pages/Configuration.tsx(1280,3): error TS17004: Cannot use JSX unless the '--jsx' flag is provided.
src/pages/Configuration.tsx(1284,5): error TS17004: Cannot use JSX unless the '--jsx' flag is provided.
src/pages/Configuration.tsx(1302,7): error TS17004: Cannot use JSX unless the '--jsx' flag is provided.
src/pages/Configuration.tsx(1303,9): error TS17004: Cannot use JSX unless the '--jsx' flag is provided.
src/pages/Configuration.tsx(1313,11): error TS17004: Cannot use JSX unless the '--jsx' flag is provided.
src/pages/Configuration.tsx(1318,19): error TS17004: Cannot use JSX unless the '--jsx' flag is provided.
src/pages/Configuration.tsx(1320,19): error TS17004: Cannot use JSX unless the '--jsx' flag is provided.
src/pages/Configuration.tsx(1324,15): error TS17004: Cannot use JSX unless the '--jsx' flag is provided.
src/pages/Configuration.tsx(1329,9): error TS17004: Cannot use JSX unless the '--jsx' flag is provided.
src/pages/Configuration.tsx(1330,11): error TS17004: Cannot use JSX unless the '--jsx' flag is provided.
src/pages/Configuration.tsx(1334,11): error TS17004: Cannot use JSX unless the '--jsx' flag is provided.
src/pages/Configuration.tsx(1342,5): error TS17004: Cannot use JSX unless the '--jsx' flag is provided.
src/pages/Configuration.tsx(1353,7): error TS17004: Cannot use JSX unless the '--jsx' flag is provided.
src/pages/Configuration.tsx(1364,9): error TS17004: Cannot use JSX unless the '--jsx' flag is provided.
src/pages/Configuration.tsx(1365,11): error TS17004: Cannot use JSX unless the '--jsx' flag is provided.
src/pages/Configuration.tsx(1366,13): error TS17004: Cannot use JSX unless the '--jsx' flag is provided.
src/pages/Configuration.tsx(1369,11): error TS17004: Cannot use JSX unless the '--jsx' flag is provided.
src/pages/Configuration.tsx(1389,9): error TS17004: Cannot use JSX unless the '--jsx' flag is provided.
src/pages/Configuration.tsx(1402,11): error TS17004: Cannot use JSX unless the '--jsx' flag is provided.
src/pages/Configuration.tsx(1403,13): error TS17004: Cannot use JSX unless the '--jsx' flag is provided.
src/pages/Configuration.tsx(1415,19): error TS17004: Cannot use JSX unless the '--jsx' flag is provided.
src/pages/Configuration.tsx(1423,13): error TS17004: Cannot use JSX unless the '--jsx' flag is provided.
src/pages/Configuration.tsx(1432,3): error TS17004: Cannot use JSX unless the '--jsx' flag is provided.
src/pages/Configuration.tsx(1438,21): error TS17004: Cannot use JSX unless the '--jsx' flag is provided.
src/pages/Configuration.tsx(1439,23): error TS17004: Cannot use JSX unless the '--jsx' flag is provided.
src/pages/Configuration.tsx(1440,23): error TS17004: Cannot use JSX unless the '--jsx' flag is provided.
src/pages/Configuration.tsx(1449,29): error TS17004: Cannot use JSX unless the '--jsx' flag is provided.
src/pages/Configuration.tsx(1465,31): error TS17004: Cannot use JSX unless the '--jsx' flag is provided.
src/pages/Configuration.tsx(1471,47): error TS17004: Cannot use JSX unless the '--jsx' flag is provided.
src/pages/Configuration.tsx(1473,31): error TS17004: Cannot use JSX unless the '--jsx' flag is provided.
src/pages/Configuration.tsx(1477,33): error TS17004: Cannot use JSX unless the '--jsx' flag is provided.
src/pages/Configuration.tsx(1479,31): error TS17004: Cannot use JSX unless the '--jsx' flag is provided.
src/pages/Configuration.tsx(1480,33): error TS17004: Cannot use JSX unless the '--jsx' flag is provided.
src/pages/Configuration.tsx(1483,33): error TS17004: Cannot use JSX unless the '--jsx' flag is provided.
src/pages/Configuration.tsx(1497,17): error TS17004: Cannot use JSX unless the '--jsx' flag is provided.
src/pages/Configuration.tsx(1499,19): error TS17004: Cannot use JSX unless the '--jsx' flag is provided.
src/pages/Configuration.tsx(1500,21): error TS17004: Cannot use JSX unless the '--jsx' flag is provided.
src/pages/Configuration.tsx(1501,23): error TS17004: Cannot use JSX unless the '--jsx' flag is provided.
src/pages/Configuration.tsx(1502,25): error TS17004: Cannot use JSX unless the '--jsx' flag is provided.
src/pages/Configuration.tsx(1503,27): error TS17004: Cannot use JSX unless the '--jsx' flag is provided.
src/pages/Configuration.tsx(1504,41): error TS17004: Cannot use JSX unless the '--jsx' flag is provided.
src/pages/Configuration.tsx(1506,27): error TS17004: Cannot use JSX unless the '--jsx' flag is provided.
src/pages/Configuration.tsx(1507,29): error TS17004: Cannot use JSX unless the '--jsx' flag is provided.
src/pages/Configuration.tsx(1508,31): error TS17004: Cannot use JSX unless the '--jsx' flag is provided.
src/pages/Configuration.tsx(1510,29): error TS17004: Cannot use JSX unless the '--jsx' flag is provided.
src/pages/Configuration.tsx(1528,25): error TS17004: Cannot use JSX unless the '--jsx' flag is provided.
src/pages/Configuration.tsx(1529,27): error TS17004: Cannot use JSX unless the '--jsx' flag is provided.
src/pages/Configuration.tsx(1530,29): error TS17004: Cannot use JSX unless the '--jsx' flag is provided.
src/pages/Configuration.tsx(1531,42): error TS17004: Cannot use JSX unless the '--jsx' flag is provided.
src/pages/Configuration.tsx(1533,29): error TS17004: Cannot use JSX unless the '--jsx' flag is provided.
src/pages/Configuration.tsx(1546,27): error TS17004: Cannot use JSX unless the '--jsx' flag is provided.
src/pages/Configuration.tsx(1547,29): error TS17004: Cannot use JSX unless the '--jsx' flag is provided.
src/pages/Configuration.tsx(1548,29): error TS17004: Cannot use JSX unless the '--jsx' flag is provided.
src/pages/Configuration.tsx(1558,25): error TS17004: Cannot use JSX unless the '--jsx' flag is provided.
src/pages/Configuration.tsx(1559,27): error TS17004: Cannot use JSX unless the '--jsx' flag is provided.
src/pages/Configuration.tsx(1560,29): error TS17004: Cannot use JSX unless the '--jsx' flag is provided.
src/pages/Configuration.tsx(1561,29): error TS17004: Cannot use JSX unless the '--jsx' flag is provided.
src/pages/Configuration.tsx(1574,27): error TS17004: Cannot use JSX unless the '--jsx' flag is provided.
src/pages/Configuration.tsx(1575,29): error TS17004: Cannot use JSX unless the '--jsx' flag is provided.
src/pages/Configuration.tsx(1576,29): error TS17004: Cannot use JSX unless the '--jsx' flag is provided.
src/pages/Configuration.tsx(1593,23): error TS17004: Cannot use JSX unless the '--jsx' flag is provided.
src/pages/Configuration.tsx(1594,25): error TS17004: Cannot use JSX unless the '--jsx' flag is provided.
src/pages/Configuration.tsx(1598,27): error TS17004: Cannot use JSX unless the '--jsx' flag is provided.
src/pages/Configuration.tsx(1614,29): error TS17004: Cannot use JSX unless the '--jsx' flag is provided.
src/pages/Configuration.tsx(1616,29): error TS17004: Cannot use JSX unless the '--jsx' flag is provided.
src/pages/Configuration.tsx(1617,31): error TS17004: Cannot use JSX unless the '--jsx' flag is provided.
src/pages/Configuration.tsx(1618,31): error TS17004: Cannot use JSX unless the '--jsx' flag is provided.
src/pages/Configuration.tsx(1622,25): error TS17004: Cannot use JSX unless the '--jsx' flag is provided.
src/pages/Configuration.tsx(1623,40): error TS17004: Cannot use JSX unless the '--jsx' flag is provided.
src/pages/Configuration.tsx(1629,21): error TS17004: Cannot use JSX unless the '--jsx' flag is provided.
src/pages/Configuration.tsx(1631,23): error TS17004: Cannot use JSX unless the '--jsx' flag is provided.
src/pages/Configuration.tsx(1632,26): error TS17004: Cannot use JSX unless the '--jsx' flag is provided.
src/pages/Configuration.tsx(1633,27): error TS17004: Cannot use JSX unless the '--jsx' flag is provided.
src/pages/Configuration.tsx(1635,25): error TS17004: Cannot use JSX unless the '--jsx' flag is provided.
src/pages/Configuration.tsx(1642,27): error TS17004: Cannot use JSX unless the '--jsx' flag is provided.
src/pages/Configuration.tsx(1646,29): error TS17004: Cannot use JSX unless the '--jsx' flag is provided.
src/pages/Configuration.tsx(1648,27): error TS17004: Cannot use JSX unless the '--jsx' flag is provided.
src/pages/Configuration.tsx(1650,31): error TS17004: Cannot use JSX unless the '--jsx' flag is provided.
src/pages/Configuration.tsx(1657,23): error TS17004: Cannot use JSX unless the '--jsx' flag is provided.
src/pages/Configuration.tsx(1658,26): error TS17004: Cannot use JSX unless the '--jsx' flag is provided.
src/pages/Configuration.tsx(1659,27): error TS17004: Cannot use JSX unless the '--jsx' flag is provided.
src/pages/Configuration.tsx(1661,25): error TS17004: Cannot use JSX unless the '--jsx' flag is provided.
src/pages/Configuration.tsx(1668,27): error TS17004: Cannot use JSX unless the '--jsx' flag is provided.
src/pages/Configuration.tsx(1672,29): error TS17004: Cannot use JSX unless the '--jsx' flag is provided.
src/pages/Configuration.tsx(1674,27): error TS17004: Cannot use JSX unless the '--jsx' flag is provided.
src/pages/Configuration.tsx(1676,31): error TS17004: Cannot use JSX unless the '--jsx' flag is provided.
src/pages/Configuration.tsx(1683,23): error TS17004: Cannot use JSX unless the '--jsx' flag is provided.
src/pages/Configuration.tsx(1684,26): error TS17004: Cannot use JSX unless the '--jsx' flag is provided.
src/pages/Configuration.tsx(1685,27): error TS17004: Cannot use JSX unless the '--jsx' flag is provided.
src/pages/Configuration.tsx(1687,25): error TS17004: Cannot use JSX unless the '--jsx' flag is provided.
src/pages/Configuration.tsx(1702,21): error TS17004: Cannot use JSX unless the '--jsx' flag is provided.
src/pages/Configuration.tsx(1703,24): error TS17004: Cannot use JSX unless the '--jsx' flag is provided.
src/pages/Configuration.tsx(1704,47): error TS17004: Cannot use JSX unless the '--jsx' flag is provided.
src/pages/Configuration.tsx(1706,23): error TS17004: Cannot use JSX unless the '--jsx' flag is provided.
src/pages/Configuration.tsx(1707,26): error TS17004: Cannot use JSX unless the '--jsx' flag is provided.
src/pages/Configuration.tsx(1708,27): error TS17004: Cannot use JSX unless the '--jsx' flag is provided.
src/pages/Configuration.tsx(1710,25): error TS17004: Cannot use JSX unless the '--jsx' flag is provided.
src/pages/Configuration.tsx(1725,19): error TS17004: Cannot use JSX unless the '--jsx' flag is provided.
src/pages/Configuration.tsx(1726,21): error TS17004: Cannot use JSX unless the '--jsx' flag is provided.
src/pages/Configuration.tsx(1727,23): error TS17004: Cannot use JSX unless the '--jsx' flag is provided.
src/pages/Configuration.tsx(1728,23): error TS17004: Cannot use JSX unless the '--jsx' flag is provided.
src/pages/Configuration.tsx(1731,21): error TS17004: Cannot use JSX unless the '--jsx' flag is provided.
src/pages/Configuration.tsx(1732,23): error TS17004: Cannot use JSX unless the '--jsx' flag is provided.
src/pages/Configuration.tsx(1733,25): error TS17004: Cannot use JSX unless the '--jsx' flag is provided.
src/pages/Configuration.tsx(1734,25): error TS17004: Cannot use JSX unless the '--jsx' flag is provided.
src/pages/Configuration.tsx(1735,27): error TS17004: Cannot use JSX unless the '--jsx' flag is provided.
src/pages/Configuration.tsx(1736,29): error TS17004: Cannot use JSX unless the '--jsx' flag is provided.
src/pages/Configuration.tsx(1738,27): error TS17004: Cannot use JSX unless the '--jsx' flag is provided.
src/pages/Configuration.tsx(1739,29): error TS17004: Cannot use JSX unless the '--jsx' flag is provided.
src/pages/Configuration.tsx(1740,29): error TS17004: Cannot use JSX unless the '--jsx' flag is provided.
src/pages/Configuration.tsx(1741,29): error TS17004: Cannot use JSX unless the '--jsx' flag is provided.
src/pages/Configuration.tsx(1742,29): error TS17004: Cannot use JSX unless the '--jsx' flag is provided.
src/pages/Configuration.tsx(1746,23): error TS17004: Cannot use JSX unless the '--jsx' flag is provided.
src/pages/Configuration.tsx(1747,25): error TS17004: Cannot use JSX unless the '--jsx' flag is provided.
src/pages/Configuration.tsx(1748,25): error TS17004: Cannot use JSX unless the '--jsx' flag is provided.
src/pages/Configuration.tsx(1749,27): error TS17004: Cannot use JSX unless the '--jsx' flag is provided.
src/pages/Configuration.tsx(1750,29): error TS17004: Cannot use JSX unless the '--jsx' flag is provided.
src/pages/Configuration.tsx(1752,27): error TS17004: Cannot use JSX unless the '--jsx' flag is provided.
src/pages/Configuration.tsx(1753,29): error TS17004: Cannot use JSX unless the '--jsx' flag is provided.
src/pages/Configuration.tsx(1754,29): error TS17004: Cannot use JSX unless the '--jsx' flag is provided.
src/pages/Configuration.tsx(1760,21): error TS17004: Cannot use JSX unless the '--jsx' flag is provided.
src/pages/Configuration.tsx(1761,23): error TS17004: Cannot use JSX unless the '--jsx' flag is provided.
src/pages/Configuration.tsx(1762,23): error TS17004: Cannot use JSX unless the '--jsx' flag is provided.
src/pages/Configuration.tsx(1763,26): error TS17004: Cannot use JSX unless the '--jsx' flag is provided.
src/pages/Configuration.tsx(1764,27): error TS17004: Cannot use JSX unless the '--jsx' flag is provided.
src/pages/Configuration.tsx(1766,25): error TS17004: Cannot use JSX unless the '--jsx' flag is provided.
src/pages/Configuration.tsx(1776,21): error TS17004: Cannot use JSX unless the '--jsx' flag is provided.
src/pages/Configuration.tsx(1782,25): error TS17004: Cannot use JSX unless the '--jsx' flag is provided.
src/pages/Configuration.tsx(1793,27): error TS17004: Cannot use JSX unless the '--jsx' flag is provided.
src/pages/Configuration.tsx(1801,19): error TS17004: Cannot use JSX unless the '--jsx' flag is provided.
src/pages/Configuration.tsx(1802,21): error TS17004: Cannot use JSX unless the '--jsx' flag is provided.
src/pages/Configuration.tsx(1803,23): error TS17004: Cannot use JSX unless the '--jsx' flag is provided.
src/pages/Configuration.tsx(1804,23): error TS17004: Cannot use JSX unless the '--jsx' flag is provided.
src/pages/Configuration.tsx(1807,21): error TS17004: Cannot use JSX unless the '--jsx' flag is provided.
src/pages/Configuration.tsx(1808,23): error TS17004: Cannot use JSX unless the '--jsx' flag is provided.
src/pages/Configuration.tsx(1809,25): error TS17004: Cannot use JSX unless the '--jsx' flag is provided.
src/pages/Configuration.tsx(1810,25): error TS17004: Cannot use JSX unless the '--jsx' flag is provided.
src/pages/Configuration.tsx(1818,23): error TS17004: Cannot use JSX unless the '--jsx' flag is provided.
src/pages/Configuration.tsx(1819,25): error TS17004: Cannot use JSX unless the '--jsx' flag is provided.
src/pages/Configuration.tsx(1820,25): error TS17004: Cannot use JSX unless the '--jsx' flag is provided.
src/pages/Configuration.tsx(1828,23): error TS17004: Cannot use JSX unless the '--jsx' flag is provided.
src/pages/Configuration.tsx(1829,25): error TS17004: Cannot use JSX unless the '--jsx' flag is provided.
src/pages/Configuration.tsx(1830,25): error TS17004: Cannot use JSX unless the '--jsx' flag is provided.
src/pages/Configuration.tsx(1838,23): error TS17004: Cannot use JSX unless the '--jsx' flag is provided.
src/pages/Configuration.tsx(1839,25): error TS17004: Cannot use JSX unless the '--jsx' flag is provided.
src/pages/Configuration.tsx(1840,25): error TS17004: Cannot use JSX unless the '--jsx' flag is provided.
src/pages/Configuration.tsx(1841,27): error TS17004: Cannot use JSX unless the '--jsx' flag is provided.
src/pages/Configuration.tsx(1842,29): error TS17004: Cannot use JSX unless the '--jsx' flag is provided.
src/pages/Configuration.tsx(1844,27): error TS17004: Cannot use JSX unless the '--jsx' flag is provided.
src/pages/Configuration.tsx(1845,29): error TS17004: Cannot use JSX unless the '--jsx' flag is provided.
src/pages/Configuration.tsx(1846,29): error TS17004: Cannot use JSX unless the '--jsx' flag is provided.
src/pages/Configuration.tsx(1847,29): error TS17004: Cannot use JSX unless the '--jsx' flag is provided.
src/pages/Configuration.tsx(1853,21): error TS17004: Cannot use JSX unless the '--jsx' flag is provided.
src/pages/Configuration.tsx(1854,23): error TS17004: Cannot use JSX unless the '--jsx' flag is provided.
src/pages/Configuration.tsx(1855,25): error TS17004: Cannot use JSX unless the '--jsx' flag is provided.
src/pages/Configuration.tsx(1856,27): error TS17004: Cannot use JSX unless the '--jsx' flag is provided.
src/pages/Configuration.tsx(1860,29): error TS17004: Cannot use JSX unless the '--jsx' flag is provided.
src/pages/Configuration.tsx(1862,27): error TS17004: Cannot use JSX unless the '--jsx' flag is provided.
src/pages/Configuration.tsx(1863,29): error TS17004: Cannot use JSX unless the '--jsx' flag is provided.
src/pages/Configuration.tsx(1864,29): error TS17004: Cannot use JSX unless the '--jsx' flag is provided.
src/pages/Configuration.tsx(1867,25): error TS17004: Cannot use JSX unless the '--jsx' flag is provided.
src/pages/Configuration.tsx(1875,27): error TS17004: Cannot use JSX unless the '--jsx' flag is provided.
src/pages/Configuration.tsx(1887,17): error TS17004: Cannot use JSX unless the '--jsx' flag is provided.
src/pages/Configuration.tsx(1888,19): error TS17004: Cannot use JSX unless the '--jsx' flag is provided.
src/pages/Configuration.tsx(1889,21): error TS17004: Cannot use JSX unless the '--jsx' flag is provided.
src/pages/Configuration.tsx(1892,21): error TS17004: Cannot use JSX unless the '--jsx' flag is provided.
src/pages/Configuration.tsx(1893,23): error TS17004: Cannot use JSX unless the '--jsx' flag is provided.
src/pages/Configuration.tsx(1894,25): error TS17004: Cannot use JSX unless the '--jsx' flag is provided.
src/pages/Configuration.tsx(1896,23): error TS17004: Cannot use JSX unless the '--jsx' flag is provided.
src/pages/Configuration.tsx(1911,23): error TS17004: Cannot use JSX unless the '--jsx' flag is provided.
src/pages/Configuration.tsx(1915,19): error TS17004: Cannot use JSX unless the '--jsx' flag is provided.
src/pages/Configuration.tsx(1925,21): error TS17004: Cannot use JSX unless the '--jsx' flag is provided.
src/pages/Configuration.tsx(1926,23): error TS17004: Cannot use JSX unless the '--jsx' flag is provided.
src/pages/Configuration.tsx(1927,25): error TS17004: Cannot use JSX unless the '--jsx' flag is provided.
src/pages/Configuration.tsx(1929,23): error TS17004: Cannot use JSX unless the '--jsx' flag is provided.
src/pages/Configuration.tsx(1930,25): error TS17004: Cannot use JSX unless the '--jsx' flag is provided.
src/pages/Configuration.tsx(1931,25): error TS17004: Cannot use JSX unless the '--jsx' flag is provided.
src/pages/Configuration.tsx(1934,21): error TS17004: Cannot use JSX unless the '--jsx' flag is provided.
src/pages/Configuration.tsx(1940,23): error TS17004: Cannot use JSX unless the '--jsx' flag is provided.
src/pages/Configuration.tsx(1946,48): error TS17004: Cannot use JSX unless the '--jsx' flag is provided.
src/pages/Configuration.tsx(1954,17): error TS17004: Cannot use JSX unless the '--jsx' flag is provided.
src/pages/Configuration.tsx(1955,19): error TS17004: Cannot use JSX unless the '--jsx' flag is provided.
src/pages/Configuration.tsx(1956,21): error TS17004: Cannot use JSX unless the '--jsx' flag is provided.
src/pages/Configuration.tsx(1959,21): error TS17004: Cannot use JSX unless the '--jsx' flag is provided.
src/pages/Configuration.tsx(1960,23): error TS17004: Cannot use JSX unless the '--jsx' flag is provided.
src/pages/Configuration.tsx(1961,25): error TS17004: Cannot use JSX unless the '--jsx' flag is provided.
src/pages/Configuration.tsx(1963,23): error TS17004: Cannot use JSX unless the '--jsx' flag is provided.
src/pages/Configuration.tsx(1980,23): error TS17004: Cannot use JSX unless the '--jsx' flag is provided.
src/pages/Configuration.tsx(1984,19): error TS17004: Cannot use JSX unless the '--jsx' flag is provided.
src/pages/Configuration.tsx(1985,21): error TS17004: Cannot use JSX unless the '--jsx' flag is provided.
src/pages/Configuration.tsx(1986,23): error TS17004: Cannot use JSX unless the '--jsx' flag is provided.
src/pages/Configuration.tsx(1987,25): error TS17004: Cannot use JSX unless the '--jsx' flag is provided.
src/pages/Configuration.tsx(1995,23): error TS17004: Cannot use JSX unless the '--jsx' flag is provided.
src/pages/Configuration.tsx(1996,25): error TS17004: Cannot use JSX unless the '--jsx' flag is provided.
src/pages/Configuration.tsx(2005,25): error TS17004: Cannot use JSX unless the '--jsx' flag is provided.
src/pages/Configuration.tsx(2006,27): error TS17004: Cannot use JSX unless the '--jsx' flag is provided.
src/pages/Configuration.tsx(2008,25): error TS17004: Cannot use JSX unless the '--jsx' flag is provided.
src/pages/Configuration.tsx(2018,17): error TS17004: Cannot use JSX unless the '--jsx' flag is provided.
src/pages/Configuration.tsx(2019,19): error TS17004: Cannot use JSX unless the '--jsx' flag is provided.
src/pages/Configuration.tsx(2020,21): error TS17004: Cannot use JSX unless the '--jsx' flag is provided.
src/pages/Configuration.tsx(2021,23): error TS17004: Cannot use JSX unless the '--jsx' flag is provided.
src/pages/Configuration.tsx(2025,40): error TS17004: Cannot use JSX unless the '--jsx' flag is provided.
src/pages/Configuration.tsx(2027,23): error TS17004: Cannot use JSX unless the '--jsx' flag is provided.
src/pages/Configuration.tsx(2028,25): error TS17004: Cannot use JSX unless the '--jsx' flag is provided.
src/pages/Configuration.tsx(2029,27): error TS17004: Cannot use JSX unless the '--jsx' flag is provided.
src/pages/Configuration.tsx(2031,25): error TS17004: Cannot use JSX unless the '--jsx' flag is provided.
src/pages/Configuration.tsx(2048,25): error TS17004: Cannot use JSX unless the '--jsx' flag is provided.
src/pages/Configuration.tsx(2052,21): error TS17004: Cannot use JSX unless the '--jsx' flag is provided.
src/pages/Configuration.tsx(2053,23): error TS17004: Cannot use JSX unless the '--jsx' flag is provided.
src/pages/Configuration.tsx(2060,25): error TS17004: Cannot use JSX unless the '--jsx' flag is provided.
src/pages/Configuration.tsx(2067,27): error TS17004: Cannot use JSX unless the '--jsx' flag is provided.
src/pages/Configuration.tsx(2069,31): error TS17004: Cannot use JSX unless the '--jsx' flag is provided.
src/pages/Configuration.tsx(2070,33): error TS17004: Cannot use JSX unless the '--jsx' flag is provided.
src/pages/Configuration.tsx(2071,33): error TS17004: Cannot use JSX unless the '--jsx' flag is provided.
src/pages/Configuration.tsx(2073,33): error TS17004: Cannot use JSX unless the '--jsx' flag is provided.
src/pages/Configuration.tsx(2076,25): error TS17004: Cannot use JSX unless the '--jsx' flag is provided.
src/pages/Configuration.tsx(2077,27): error TS17004: Cannot use JSX unless the '--jsx' flag is provided.
src/pages/Configuration.tsx(2079,29): error TS17004: Cannot use JSX unless the '--jsx' flag is provided.
src/pages/Configuration.tsx(2085,23): error TS17004: Cannot use JSX unless the '--jsx' flag is provided.
src/pages/Configuration.tsx(2089,38): error TS17004: Cannot use JSX unless the '--jsx' flag is provided.
src/pages/Configuration.tsx(2092,25): error TS17004: Cannot use JSX unless the '--jsx' flag is provided.
src/pages/Configuration.tsx(2100,17): error TS17004: Cannot use JSX unless the '--jsx' flag is provided.
src/pages/Configuration.tsx(2101,19): error TS17004: Cannot use JSX unless the '--jsx' flag is provided.
src/pages/Configuration.tsx(2102,21): error TS17004: Cannot use JSX unless the '--jsx' flag is provided.
src/pages/Configuration.tsx(2103,24): error TS17004: Cannot use JSX unless the '--jsx' flag is provided.
src/pages/Configuration.tsx(2107,35): error TS17004: Cannot use JSX unless the '--jsx' flag is provided.
src/pages/Configuration.tsx(2109,23): error TS17004: Cannot use JSX unless the '--jsx' flag is provided.
src/pages/Configuration.tsx(2110,25): error TS17004: Cannot use JSX unless the '--jsx' flag is provided.
src/pages/Configuration.tsx(2111,27): error TS17004: Cannot use JSX unless the '--jsx' flag is provided.
src/pages/Configuration.tsx(2113,25): error TS17004: Cannot use JSX unless the '--jsx' flag is provided.
src/pages/Configuration.tsx(2130,25): error TS17004: Cannot use JSX unless the '--jsx' flag is provided.
src/pages/Configuration.tsx(2134,21): error TS17004: Cannot use JSX unless the '--jsx' flag is provided.
src/pages/Configuration.tsx(2135,23): error TS17004: Cannot use JSX unless the '--jsx' flag is provided.
src/pages/Configuration.tsx(2142,25): error TS17004: Cannot use JSX unless the '--jsx' flag is provided.
src/pages/Configuration.tsx(2149,27): error TS17004: Cannot use JSX unless the '--jsx' flag is provided.
src/pages/Configuration.tsx(2151,31): error TS17004: Cannot use JSX unless the '--jsx' flag is provided.
src/pages/Configuration.tsx(2152,33): error TS17004: Cannot use JSX unless the '--jsx' flag is provided.
src/pages/Configuration.tsx(2153,33): error TS17004: Cannot use JSX unless the '--jsx' flag is provided.
src/pages/Configuration.tsx(2155,33): error TS17004: Cannot use JSX unless the '--jsx' flag is provided.
src/pages/Configuration.tsx(2158,25): error TS17004: Cannot use JSX unless the '--jsx' flag is provided.
src/pages/Configuration.tsx(2159,27): error TS17004: Cannot use JSX unless the '--jsx' flag is provided.
src/pages/Configuration.tsx(2161,29): error TS17004: Cannot use JSX unless the '--jsx' flag is provided.
src/pages/Configuration.tsx(2167,23): error TS17004: Cannot use JSX unless the '--jsx' flag is provided.
src/pages/Configuration.tsx(2171,31): error TS17004: Cannot use JSX unless the '--jsx' flag is provided.
src/pages/Configuration.tsx(2174,25): error TS17004: Cannot use JSX unless the '--jsx' flag is provided.
src/pages/Configuration.tsx(2181,15): error TS17004: Cannot use JSX unless the '--jsx' flag is provided.
src/pages/Configuration.tsx(2182,17): error TS17004: Cannot use JSX unless the '--jsx' flag is provided.
src/pages/Configuration.tsx(2185,17): error TS17004: Cannot use JSX unless the '--jsx' flag is provided.
src/pages/Configuration.tsx(2186,19): error TS17004: Cannot use JSX unless the '--jsx' flag is provided.
src/pages/Configuration.tsx(2187,21): error TS17004: Cannot use JSX unless the '--jsx' flag is provided.
src/pages/Configuration.tsx(2189,19): error TS17004: Cannot use JSX unless the '--jsx' flag is provided.
src/pages/Configuration.tsx(2200,15): error TS17004: Cannot use JSX unless the '--jsx' flag is provided.
src/pages/Configuration.tsx(2201,17): error TS17004: Cannot use JSX unless the '--jsx' flag is provided.
src/pages/Configuration.tsx(2202,19): error TS17004: Cannot use JSX unless the '--jsx' flag is provided.
src/pages/Configuration.tsx(2203,21): error TS17004: Cannot use JSX unless the '--jsx' flag is provided.
src/pages/Configuration.tsx(2204,23): error TS17004: Cannot use JSX unless the '--jsx' flag is provided.
src/pages/Configuration.tsx(2206,21): error TS17004: Cannot use JSX unless the '--jsx' flag is provided.
src/pages/Configuration.tsx(2207,23): error TS17004: Cannot use JSX unless the '--jsx' flag is provided.
src/pages/Configuration.tsx(2208,25): error TS17004: Cannot use JSX unless the '--jsx' flag is provided.
src/pages/Configuration.tsx(2209,25): error TS17004: Cannot use JSX unless the '--jsx' flag is provided.
src/pages/Configuration.tsx(2211,23): error TS17004: Cannot use JSX unless the '--jsx' flag is provided.
src/pages/Configuration.tsx(2215,19): error TS17004: Cannot use JSX unless the '--jsx' flag is provided.
src/pages/Configuration.tsx(2222,21): error TS17004: Cannot use JSX unless the '--jsx' flag is provided.
src/pages/Configuration.tsx(2226,45): error TS17004: Cannot use JSX unless the '--jsx' flag is provided.
src/pages/Configuration.tsx(2233,13): error TS17004: Cannot use JSX unless the '--jsx' flag is provided.
src/pages/Configuration.tsx(2236,15): error TS17004: Cannot use JSX unless the '--jsx' flag is provided.
src/pages/Configuration.tsx(2241,17): error TS17004: Cannot use JSX unless the '--jsx' flag is provided.
src/pages/Configuration.tsx(2244,15): error TS17004: Cannot use JSX unless the '--jsx' flag is provided.
src/pages/Configuration.tsx(2248,32): error TS17004: Cannot use JSX unless the '--jsx' flag is provided.
src/pages/Configuration.tsx(2248,83): error TS17004: Cannot use JSX unless the '--jsx' flag is provided.
src/pages/Configuration.tsx(2261,9): error TS17004: Cannot use JSX unless the '--jsx' flag is provided.
src/pages/Configuration.tsx(2263,11): error TS17004: Cannot use JSX unless the '--jsx' flag is provided.
src/pages/Configuration.tsx(2279,15): error TS17004: Cannot use JSX unless the '--jsx' flag is provided.
src/pages/Configuration.tsx(2280,17): error TS17004: Cannot use JSX unless the '--jsx' flag is provided.
src/pages/Configuration.tsx(2281,19): error TS17004: Cannot use JSX unless the '--jsx' flag is provided.
src/pages/Configuration.tsx(2283,21): error TS17004: Cannot use JSX unless the '--jsx' flag is provided.
src/pages/Configuration.tsx(2284,23): error TS17004: Cannot use JSX unless the '--jsx' flag is provided.
src/pages/Configuration.tsx(2286,21): error TS17004: Cannot use JSX unless the '--jsx' flag is provided.
src/pages/Configuration.tsx(2287,23): error TS17004: Cannot use JSX unless the '--jsx' flag is provided.
src/pages/Configuration.tsx(2290,23): error TS17004: Cannot use JSX unless the '--jsx' flag is provided.
src/pages/Configuration.tsx(2297,17): error TS17004: Cannot use JSX unless the '--jsx' flag is provided.
src/pages/Configuration.tsx(2302,19): error TS17004: Cannot use JSX unless the '--jsx' flag is provided.
src/pages/Configuration.tsx(2303,21): error TS17004: Cannot use JSX unless the '--jsx' flag is provided.
src/pages/Configuration.tsx(2304,36): error TS17004: Cannot use JSX unless the '--jsx' flag is provided.
src/pages/Configuration.tsx(2306,21): error TS17004: Cannot use JSX unless the '--jsx' flag is provided.
src/pages/Configuration.tsx(2307,23): error TS17004: Cannot use JSX unless the '--jsx' flag is provided.
src/pages/Configuration.tsx(2308,25): error TS17004: Cannot use JSX unless the '--jsx' flag is provided.
src/pages/Configuration.tsx(2310,23): error TS17004: Cannot use JSX unless the '--jsx' flag is provided.
src/pages/Configuration.tsx(2329,23): error TS17004: Cannot use JSX unless the '--jsx' flag is provided.
src/pages/Configuration.tsx(2336,19): error TS17004: Cannot use JSX unless the '--jsx' flag is provided.
src/pages/Configuration.tsx(2337,21): error TS17004: Cannot use JSX unless the '--jsx' flag is provided.
src/pages/Configuration.tsx(2340,21): error TS17004: Cannot use JSX unless the '--jsx' flag is provided.
src/pages/Configuration.tsx(2341,23): error TS17004: Cannot use JSX unless the '--jsx' flag is provided.
src/pages/Configuration.tsx(2342,25): error TS17004: Cannot use JSX unless the '--jsx' flag is provided.
src/pages/Configuration.tsx(2344,23): error TS17004: Cannot use JSX unless the '--jsx' flag is provided.
src/pages/Configuration.tsx(2356,19): error TS17004: Cannot use JSX unless the '--jsx' flag is provided.
src/pages/Configuration.tsx(2357,21): error TS17004: Cannot use JSX unless the '--jsx' flag is provided.
src/pages/Configuration.tsx(2358,23): error TS17004: Cannot use JSX unless the '--jsx' flag is provided.
src/pages/Configuration.tsx(2359,25): error TS17004: Cannot use JSX unless the '--jsx' flag is provided.
src/pages/Configuration.tsx(2360,27): error TS17004: Cannot use JSX unless the '--jsx' flag is provided.
src/pages/Configuration.tsx(2362,25): error TS17004: Cannot use JSX unless the '--jsx' flag is provided.
src/pages/Configuration.tsx(2363,27): error TS17004: Cannot use JSX unless the '--jsx' flag is provided.
src/pages/Configuration.tsx(2364,29): error TS17004: Cannot use JSX unless the '--jsx' flag is provided.
src/pages/Configuration.tsx(2365,29): error TS17004: Cannot use JSX unless the '--jsx' flag is provided.
src/pages/Configuration.tsx(2367,27): error TS17004: Cannot use JSX unless the '--jsx' flag is provided.
src/pages/Configuration.tsx(2371,23): error TS17004: Cannot use JSX unless the '--jsx' flag is provided.
src/pages/Configuration.tsx(2378,25): error TS17004: Cannot use JSX unless the '--jsx' flag is provided.
src/pages/Configuration.tsx(2382,49): error TS17004: Cannot use JSX unless the '--jsx' flag is provided.
src/pages/Configuration.tsx(2390,17): error TS17004: Cannot use JSX unless the '--jsx' flag is provided.
src/pages/Configuration.tsx(2391,19): error TS17004: Cannot use JSX unless the '--jsx' flag is provided.
src/pages/Configuration.tsx(2396,21): error TS17004: Cannot use JSX unless the '--jsx' flag is provided.
src/pages/Configuration.tsx(2399,19): error TS17004: Cannot use JSX unless the '--jsx' flag is provided.
src/pages/Configuration.tsx(2403,36): error TS17004: Cannot use JSX unless the '--jsx' flag is provided.
src/pages/Configuration.tsx(2403,87): error TS17004: Cannot use JSX unless the '--jsx' flag is provided.
src/pages/Configuration.tsx(2413,15): error TS17004: Cannot use JSX unless the '--jsx' flag is provided.
src/pages/Configuration.tsx(2414,17): error TS17004: Cannot use JSX unless the '--jsx' flag is provided.
src/pages/Configuration.tsx(2415,19): error TS17004: Cannot use JSX unless the '--jsx' flag is provided.
src/pages/Configuration.tsx(2416,21): error TS17004: Cannot use JSX unless the '--jsx' flag is provided.
src/pages/Configuration.tsx(2417,23): error TS17004: Cannot use JSX unless the '--jsx' flag is provided.
src/pages/Configuration.tsx(2419,21): error TS17004: Cannot use JSX unless the '--jsx' flag is provided.
src/pages/Configuration.tsx(2420,23): error TS17004: Cannot use JSX unless the '--jsx' flag is provided.
src/pages/Configuration.tsx(2423,23): error TS17004: Cannot use JSX unless the '--jsx' flag is provided.
src/pages/Configuration.tsx(2430,17): error TS17004: Cannot use JSX unless the '--jsx' flag is provided.
src/pages/Configuration.tsx(2434,19): error TS17004: Cannot use JSX unless the '--jsx' flag is provided.
src/pages/Configuration.tsx(2435,21): error TS17004: Cannot use JSX unless the '--jsx' flag is provided.
src/pages/Configuration.tsx(2436,23): error TS17004: Cannot use JSX unless the '--jsx' flag is provided.
src/pages/Configuration.tsx(2439,23): error TS17004: Cannot use JSX unless the '--jsx' flag is provided.
src/pages/Configuration.tsx(2440,25): error TS17004: Cannot use JSX unless the '--jsx' flag is provided.
src/pages/Configuration.tsx(2441,27): error TS17004: Cannot use JSX unless the '--jsx' flag is provided.
src/pages/Configuration.tsx(2443,25): error TS17004: Cannot use JSX unless the '--jsx' flag is provided.
src/pages/Configuration.tsx(2460,25): error TS17004: Cannot use JSX unless the '--jsx' flag is provided.
src/pages/Configuration.tsx(2464,21): error TS17004: Cannot use JSX unless the '--jsx' flag is provided.
src/pages/Configuration.tsx(2465,23): error TS17004: Cannot use JSX unless the '--jsx' flag is provided.
src/pages/Configuration.tsx(2468,23): error TS17004: Cannot use JSX unless the '--jsx' flag is provided.
src/pages/Configuration.tsx(2469,25): error TS17004: Cannot use JSX unless the '--jsx' flag is provided.
src/pages/Configuration.tsx(2470,27): error TS17004: Cannot use JSX unless the '--jsx' flag is provided.
src/pages/Configuration.tsx(2472,25): error TS17004: Cannot use JSX unless the '--jsx' flag is provided.
src/pages/Configuration.tsx(2489,25): error TS17004: Cannot use JSX unless the '--jsx' flag is provided.
src/pages/Configuration.tsx(2492,25): error TS17004: Cannot use JSX unless the '--jsx' flag is provided.
src/pages/Configuration.tsx(2497,19): error TS17004: Cannot use JSX unless the '--jsx' flag is provided.
src/pages/Configuration.tsx(2498,21): error TS17004: Cannot use JSX unless the '--jsx' flag is provided.
src/pages/Configuration.tsx(2501,21): error TS17004: Cannot use JSX unless the '--jsx' flag is provided.
src/pages/Configuration.tsx(2502,23): error TS17004: Cannot use JSX unless the '--jsx' flag is provided.
src/pages/Configuration.tsx(2503,25): error TS17004: Cannot use JSX unless the '--jsx' flag is provided.
src/pages/Configuration.tsx(2505,23): error TS17004: Cannot use JSX unless the '--jsx' flag is provided.
src/pages/Configuration.tsx(2514,21): error TS17004: Cannot use JSX unless the '--jsx' flag is provided.
src/pages/Configuration.tsx(2521,19): error TS17004: Cannot use JSX unless the '--jsx' flag is provided.
src/pages/Configuration.tsx(2522,21): error TS17004: Cannot use JSX unless the '--jsx' flag is provided.
src/pages/Configuration.tsx(2523,23): error TS17004: Cannot use JSX unless the '--jsx' flag is provided.
src/pages/Configuration.tsx(2524,25): error TS17004: Cannot use JSX unless the '--jsx' flag is provided.
src/pages/Configuration.tsx(2525,27): error TS17004: Cannot use JSX unless the '--jsx' flag is provided.
src/pages/Configuration.tsx(2527,25): error TS17004: Cannot use JSX unless the '--jsx' flag is provided.
src/pages/Configuration.tsx(2528,27): error TS17004: Cannot use JSX unless the '--jsx' flag is provided.
src/pages/Configuration.tsx(2529,29): error TS17004: Cannot use JSX unless the '--jsx' flag is provided.
src/pages/Configuration.tsx(2530,29): error TS17004: Cannot use JSX unless the '--jsx' flag is provided.
src/pages/Configuration.tsx(2532,27): error TS17004: Cannot use JSX unless the '--jsx' flag is provided.
src/pages/Configuration.tsx(2537,23): error TS17004: Cannot use JSX unless the '--jsx' flag is provided.
src/pages/Configuration.tsx(2544,25): error TS17004: Cannot use JSX unless the '--jsx' flag is provided.
src/pages/Configuration.tsx(2548,49): error TS17004: Cannot use JSX unless the '--jsx' flag is provided.
src/pages/Configuration.tsx(2553,21): error TS17004: Cannot use JSX unless the '--jsx' flag is provided.
src/pages/Configuration.tsx(2554,23): error TS17004: Cannot use JSX unless the '--jsx' flag is provided.
src/pages/Configuration.tsx(2555,23): error TS17004: Cannot use JSX unless the '--jsx' flag is provided.
src/pages/Configuration.tsx(2560,17): error TS17004: Cannot use JSX unless the '--jsx' flag is provided.
src/pages/Configuration.tsx(2561,19): error TS17004: Cannot use JSX unless the '--jsx' flag is provided.
src/pages/Configuration.tsx(2566,21): error TS17004: Cannot use JSX unless the '--jsx' flag is provided.
src/pages/Configuration.tsx(2569,19): error TS17004: Cannot use JSX unless the '--jsx' flag is provided.
src/pages/Configuration.tsx(2573,36): error TS17004: Cannot use JSX unless the '--jsx' flag is provided.
src/pages/Configuration.tsx(2573,87): error TS17004: Cannot use JSX unless the '--jsx' flag is provided.
src/pages/Configuration.tsx(2580,15): error TS17004: Cannot use JSX unless the '--jsx' flag is provided.
src/pages/Configuration.tsx(2581,17): error TS17004: Cannot use JSX unless the '--jsx' flag is provided.
src/pages/Configuration.tsx(2582,19): error TS17004: Cannot use JSX unless the '--jsx' flag is provided.
src/pages/Configuration.tsx(2583,21): error TS17004: Cannot use JSX unless the '--jsx' flag is provided.
src/pages/Configuration.tsx(2585,25): error TS17004: Cannot use JSX unless the '--jsx' flag is provided.
src/pages/Configuration.tsx(2587,25): error TS17004: Cannot use JSX unless the '--jsx' flag is provided.
src/pages/Configuration.tsx(2590,21): error TS17004: Cannot use JSX unless the '--jsx' flag is provided.
src/pages/Configuration.tsx(2591,23): error TS17004: Cannot use JSX unless the '--jsx' flag is provided.
src/pages/Configuration.tsx(2594,23): error TS17004: Cannot use JSX unless the '--jsx' flag is provided.
src/pages/Configuration.tsx(2601,17): error TS17004: Cannot use JSX unless the '--jsx' flag is provided.
src/pages/Configuration.tsx(2604,19): error TS17004: Cannot use JSX unless the '--jsx' flag is provided.
src/pages/Configuration.tsx(2605,21): error TS17004: Cannot use JSX unless the '--jsx' flag is provided.
src/pages/Configuration.tsx(2606,36): error TS17004: Cannot use JSX unless the '--jsx' flag is provided.
src/pages/Configuration.tsx(2608,21): error TS17004: Cannot use JSX unless the '--jsx' flag is provided.
src/pages/Configuration.tsx(2609,23): error TS17004: Cannot use JSX unless the '--jsx' flag is provided.
src/pages/Configuration.tsx(2610,25): error TS17004: Cannot use JSX unless the '--jsx' flag is provided.
src/pages/Configuration.tsx(2612,23): error TS17004: Cannot use JSX unless the '--jsx' flag is provided.
src/pages/Configuration.tsx(2629,23): error TS17004: Cannot use JSX unless the '--jsx' flag is provided.
src/pages/Configuration.tsx(2631,23): error TS17004: Cannot use JSX unless the '--jsx' flag is provided.
src/pages/Configuration.tsx(2637,19): error TS17004: Cannot use JSX unless the '--jsx' flag is provided.
src/pages/Configuration.tsx(2638,21): error TS17004: Cannot use JSX unless the '--jsx' flag is provided.
src/pages/Configuration.tsx(2641,21): error TS17004: Cannot use JSX unless the '--jsx' flag is provided.
src/pages/Configuration.tsx(2642,23): error TS17004: Cannot use JSX unless the '--jsx' flag is provided.
src/pages/Configuration.tsx(2643,25): error TS17004: Cannot use JSX unless the '--jsx' flag is provided.
src/pages/Configuration.tsx(2645,23): error TS17004: Cannot use JSX unless the '--jsx' flag is provided.
src/pages/Configuration.tsx(2654,21): error TS17004: Cannot use JSX unless the '--jsx' flag is provided.
src/pages/Configuration.tsx(2659,19): error TS17004: Cannot use JSX unless the '--jsx' flag is provided.
src/pages/Configuration.tsx(2660,21): error TS17004: Cannot use JSX unless the '--jsx' flag is provided.
src/pages/Configuration.tsx(2661,23): error TS17004: Cannot use JSX unless the '--jsx' flag is provided.
src/pages/Configuration.tsx(2662,25): error TS17004: Cannot use JSX unless the '--jsx' flag is provided.
src/pages/Configuration.tsx(2663,27): error TS17004: Cannot use JSX unless the '--jsx' flag is provided.
src/pages/Configuration.tsx(2665,25): error TS17004: Cannot use JSX unless the '--jsx' flag is provided.
src/pages/Configuration.tsx(2666,27): error TS17004: Cannot use JSX unless the '--jsx' flag is provided.
src/pages/Configuration.tsx(2667,29): error TS17004: Cannot use JSX unless the '--jsx' flag is provided.
src/pages/Configuration.tsx(2668,29): error TS17004: Cannot use JSX unless the '--jsx' flag is provided.
src/pages/Configuration.tsx(2670,27): error TS17004: Cannot use JSX unless the '--jsx' flag is provided.
src/pages/Configuration.tsx(2674,23): error TS17004: Cannot use JSX unless the '--jsx' flag is provided.
src/pages/Configuration.tsx(2681,25): error TS17004: Cannot use JSX unless the '--jsx' flag is provided.
src/pages/Configuration.tsx(2685,49): error TS17004: Cannot use JSX unless the '--jsx' flag is provided.
src/pages/Configuration.tsx(2692,17): error TS17004: Cannot use JSX unless the '--jsx' flag is provided.
src/pages/Configuration.tsx(2693,19): error TS17004: Cannot use JSX unless the '--jsx' flag is provided.
src/pages/Configuration.tsx(2698,21): error TS17004: Cannot use JSX unless the '--jsx' flag is provided.
src/pages/Configuration.tsx(2701,19): error TS17004: Cannot use JSX unless the '--jsx' flag is provided.
src/pages/Configuration.tsx(2705,36): error TS17004: Cannot use JSX unless the '--jsx' flag is provided.
src/pages/Configuration.tsx(2705,87): error TS17004: Cannot use JSX unless the '--jsx' flag is provided.
